	Command being timed: "stdbuf -oL -eL nargo compile"
	User time (seconds): 20.15
	System time (seconds): 1.22
	Percent of CPU this job got: 100%
	Elapsed (wall clock) time (h:mm:ss or m:ss): 0:21.34
	Average shared text size (kbytes): 0
	Average unshared data size (kbytes): 0
	Average stack size (kbytes): 0
	Average total size (kbytes): 0
	Maximum resident set size (kbytes): 1409396
	Average resident set size (kbytes): 0
	Major (requiring I/O) page faults: 0
	Minor (reclaiming a frame) page faults: 1105539
	Voluntary context switches: 163
	Involuntary context switches: 301
	Swaps: 0
	File system inputs: 0
	File system outputs: 6952
	Socket messages sent: 0
	Socket messages received: 0
	Signals delivered: 0
	Page size (bytes): 4096
	Exit status: 0
