	Command being timed: "stdbuf -oL -eL /home/dev/.local/bin/nargo compile"
	User time (seconds): 714.98
	System time (seconds): 10.15
	Percent of CPU this job got: 99%
	Elapsed (wall clock) time (h:mm:ss or m:ss): 12:05.14
	Average shared text size (kbytes): 0
	Average unshared data size (kbytes): 0
	Average stack size (kbytes): 0
	Average total size (kbytes): 0
	Maximum resident set size (kbytes): 25342700
	Average resident set size (kbytes): 0
	Major (requiring I/O) page faults: 0
	Minor (reclaiming a frame) page faults: 8614494
	Voluntary context switches: 202
	Involuntary context switches: 3398
	Swaps: 0
	File system inputs: 0
	File system outputs: 32208
	Socket messages sent: 0
	Socket messages received: 0
	Signals delivered: 0
	Page size (bytes): 4096
	Exit status: 0
