[2026-10-03T03:31:37Z] UNIT_START
[2026-10-03T03:31:37Z] LEG_START CIR=sk_share_computation nargo=nargo version = 1.0.0-beta.26 bb=5.1.0
[2026-10-03T03:31:37Z] PRE_SHA=766839c58feb149028f059a8763df0e4628bbd99e4eca0b47c283be6d8bd5407
[2026-10-03T03:31:37Z] PRE_ENV: AVAIL_KB=31642160 SWAP_FREE_KB=0 LOAD1=0.08 NPROC=8 HEAD=82178f4d6890470d95cbebf29902c7a5e97e7f2b PRE_SHA=766839c58feb149028f059a8763df0e4628bbd99e4eca0b47c283be6d8bd5407 
FLIP_PRESET_A0_OK
[2026-10-03T03:31:37Z] PRESET_AFTER: //Auto-generatedbybuild-circuits.tsforpreset:secure-8192
[2026-10-03T03:31:37Z] COMMITTEE_CONFIRM: committee::minimum::H committee::minimum::N_PARTIES committee::minimum::T 
[2026-10-03T03:31:37Z] A0_COMPILE_START
[2026-10-03T03:34:14Z] A0_COMPILE_RC=0
[2026-10-03T03:34:14Z] A0_FRESH_SHA=797ec6bc427ef5c2401d4e68ea2e34088d4584e9c31575a77d1842d0adc00075
A0_GATES_SUMMARY gates=1446311 acir=426360 nfns=1
[2026-10-03T03:34:15Z] A0 RC=0 PEAK_KB=4751620 WALL=2:37.09 FRESH_SHA=797ec6bc427ef5c2401d4e68ea2e34088d4584e9c31575a77d1842d0adc00075 GATES=1446311 ACIR=426360 SWAPS= SAMPLED_PEAK_MB=5763
[2026-10-03T03:34:15Z] A0_BYTE_TWIN_TO_GOLDEN gates=1446311 == 1446311 (golden preserved on tip; r145 proceed under byte-twin invariant)
[2026-10-03T03:34:15Z] RESTORED
FLIP_PRESET_A1_OK
NOP_C2A_A1_OK (1 call site at line 102 commented; line 172 C2b body untouched)
[2026-10-03T03:34:15Z] A1_COMPILE_START
[2026-10-03T03:36:46Z] A1_COMPILE_RC=0
[2026-10-03T03:36:46Z] A1_FRESH_SHA=9eef3c7e6bead00f7f1e5e16b75172da3dcc26f264bbe507ba1424b133a4fbe4
A1_GATES_SUMMARY gates=893346 acir=205176 nfns=1
[2026-10-03T03:36:46Z] A1 RC=0 PEAK_KB=4672696 WALL=2:30.40 FRESH_SHA=9eef3c7e6bead00f7f1e5e16b75172da3dcc26f264bbe507ba1424b133a4fbe4 GATES=893346 ACIR=205176 SWAPS= SAMPLED_PEAK_MB=5634
[2026-10-03T03:36:46Z] RESTORED
[2026-10-03T03:36:46Z] PORC_AFTER=0 DEF=7f07de82407c9601dd737044af69a068238dd9ff175f51c4d64d8e00980aa207 ACT=0bf0cc642ddfa98d48f51f7d007dc6749e9c1d4b4b02c36d9e1da1d4735d0ac4 SC=df7c32c5e01dd9956030922600bf00449a4fe51d5c0d38b43d263ee62030c06e
[2026-10-03T03:36:46Z] LEG_END
[2026-10-03T03:36:46Z] UNIT_END rc=0
