	Command being timed: "stdbuf -oL -eL nargo compile"
	User time (seconds): 54.74
	System time (seconds): 2.26
	Percent of CPU this job got: 100%
	Elapsed (wall clock) time (h:mm:ss or m:ss): 0:56.96
	Average shared text size (kbytes): 0
	Average unshared data size (kbytes): 0
	Average stack size (kbytes): 0
	Average total size (kbytes): 0
	Maximum resident set size (kbytes): 2427928
	Average resident set size (kbytes): 0
	Major (requiring I/O) page faults: 0
	Minor (reclaiming a frame) page faults: 1949733
	Voluntary context switches: 164
	Involuntary context switches: 431
	Swaps: 0
	File system inputs: 0
	File system outputs: 12728
	Socket messages sent: 0
	Socket messages received: 0
	Signals delivered: 0
	Page size (bytes): 4096
	Exit status: 0
