	Command being timed: "nargo compile --force"
	User time (seconds): 74.52
	System time (seconds): 6.18
	Percent of CPU this job got: 100%
	Elapsed (wall clock) time (h:mm:ss or m:ss): 1:20.65
	Average shared text size (kbytes): 0
	Average unshared data size (kbytes): 0
	Average stack size (kbytes): 0
	Average total size (kbytes): 0
	Maximum resident set size (kbytes): 7263896
	Average resident set size (kbytes): 0
	Major (requiring I/O) page faults: 1
	Minor (reclaiming a frame) page faults: 3311453
	Voluntary context switches: 210
	Involuntary context switches: 504
	Swaps: 0
	File system inputs: 248
	File system outputs: 17832
	Socket messages sent: 0
	Socket messages received: 0
	Signals delivered: 0
	Page size (bytes): 4096
	Exit status: 0
COMPILE_RC=0
