bug: Brillig function call isn't properly covered by a manual constraint
    ┌─ /tmp/r151b/circuits/lib/src/math/modulo/U128.nr:277:34
    │
277 │     let (quotient, _) = unsafe { __compute_mod_reduction(n + half, q) };
    │                                  ------------------------------------ This Brillig call's inputs and its return values haven't been sufficiently constrained. This should be done to prevent potential soundness vulnerabilities
    │
    = Call stack:
      1: main
              at share_decryption/src/main.nr:21:5
      2: ShareDecryption<N, L, H, BIT_MSG, BIT_AGG>::execute
              at /tmp/r151b/circuits/lib/src/core/dkg/share_decryption.nr:148:17
      3: normalize_aggregated
              at /tmp/r151b/circuits/lib/src/core/dkg/share_decryption.nr:184:29
      4: centered_mod_bounded
              at /tmp/r151b/circuits/lib/src/math/modulo/U128.nr:277:42

bug: Brillig function call isn't properly covered by a manual constraint
    ┌─ /tmp/r151b/circuits/lib/src/math/modulo/U128.nr:277:34
    │
277 │     let (quotient, _) = unsafe { __compute_mod_reduction(n + half, q) };
    │                                  ------------------------------------ This Brillig call's inputs and its return values haven't been sufficiently constrained. This should be done to prevent potential soundness vulnerabilities
    │
    = Call stack:
      1: main
              at share_decryption/src/main.nr:21:5
      2: ShareDecryption<N, L, H, BIT_MSG, BIT_AGG>::execute
              at /tmp/r151b/circuits/lib/src/core/dkg/share_decryption.nr:148:17
      3: normalize_aggregated
              at /tmp/r151b/circuits/lib/src/core/dkg/share_decryption.nr:184:29
      4: centered_mod_bounded
              at /tmp/r151b/circuits/lib/src/math/modulo/U128.nr:277:42

	Command being timed: "nargo compile --force"
	User time (seconds): 8.13
	System time (seconds): 0.32
	Percent of CPU this job got: 286%
	Elapsed (wall clock) time (h:mm:ss or m:ss): 0:02.95
	Average shared text size (kbytes): 0
	Average unshared data size (kbytes): 0
	Average stack size (kbytes): 0
	Average total size (kbytes): 0
	Maximum resident set size (kbytes): 953956
	Average resident set size (kbytes): 0
	Major (requiring I/O) page faults: 2
	Minor (reclaiming a frame) page faults: 338784
	Voluntary context switches: 365
	Involuntary context switches: 170
	Swaps: 0
	File system inputs: 608
	File system outputs: 4664
	Socket messages sent: 0
	Socket messages received: 0
	Signals delivered: 0
	Page size (bytes): 4096
	Exit status: 0
WALL_SEC=3
