	Command being timed: "nargo compile --force"
	User time (seconds): 85.36
	System time (seconds): 5.96
	Percent of CPU this job got: 100%
	Elapsed (wall clock) time (h:mm:ss or m:ss): 1:31.29
	Average shared text size (kbytes): 0
	Average unshared data size (kbytes): 0
	Average stack size (kbytes): 0
	Average total size (kbytes): 0
	Maximum resident set size (kbytes): 4339208
	Average resident set size (kbytes): 0
	Major (requiring I/O) page faults: 0
	Minor (reclaiming a frame) page faults: 2320808
	Voluntary context switches: 162
	Involuntary context switches: 826
	Swaps: 0
	File system inputs: 0
	File system outputs: 18104
	Socket messages sent: 0
	Socket messages received: 0
	Signals delivered: 0
	Page size (bytes): 4096
	Exit status: 0
COMPILE_RC=0
