[2026-10-03T05:06:01Z] UNIT_START
[2026-10-03T05:06:01Z] LEG_START nargo=nargo version = 1.0.0-beta.26 bb=5.1.0 HEAD=7d617157b99cf3a0544c548bc7d560e3572c2013
[2026-10-03T05:06:01Z] PRE_SHA3=ed1e85a00d5ee2a1fe18b1f9e428739f443633e8375e20496a188a92d020c49f PRE_SHAB=90f939b1e29a803808ece91b17a7ba220fd421f0a491d4ffeec9e5c535e40b16
[2026-10-03T05:06:01Z] PRE_ENV: AVAIL_KB=31582688 SWAP_FREE_KB=0 LOAD1=0.10 NPROC=8 HEAD=7d617157b99cf3a0544c548bc7d560e3572c2013 PRE_SHA3=ed1e85a00d5ee2a1fe18b1f9e428739f443633e8375e20496a188a92d020c49f PRE_SHAB=90f939b1e29a803808ece91b17a7ba220fd421f0a491d4ffeec9e5c535e40b16 
FLIP_PRESET_OK
[2026-10-03T05:06:01Z] PRESET_AFTER: //Auto-generatedbybuild-circuits.tsforpreset:secure-8192
[2026-10-03T05:06:01Z] COMMITTEE_CONFIRM: committee::minimum::H committee::minimum::N_PARTIES committee::minimum::T 
[2026-10-03T05:06:01Z] C3A_COMPILE_START
[2026-10-03T05:07:30Z] C3A_COMPILE_RC=0
[2026-10-03T05:07:30Z] C3A_FRESH_SHA=e808e5bc54d0c755d960874bb95fe967a76a37afc86668d279c2a1423957a592
C3A_GATES_SUMMARY gates=2966353 acir=1087267 nfns=1
[2026-10-03T05:07:33Z] C3A RC=0 PEAK_KB=4309076 WALL=1:29.20 FRESH_SHA=e808e5bc54d0c755d960874bb95fe967a76a37afc86668d279c2a1423957a592 GATES=2966353 ACIR=1087267 SWAPS=none SAMPLED_PEAK_MB=5448
[2026-10-03T05:07:33Z] RESTORED
FLIP_PRESET_OK
NOP_C3B_OK (ShareEncryption::check_range_bounds call commented)
[2026-10-03T05:07:33Z] C3B_COMPILE_START
[2026-10-03T05:08:42Z] C3B_COMPILE_RC=0
[2026-10-03T05:08:42Z] C3B_FRESH_SHA=0e054e1cd2702185700866ad6dc999d7a50260ad436444d4403de65543e4d2e5
C3B_GATES_SUMMARY gates=1827697 acir=440131 nfns=1
[2026-10-03T05:08:43Z] C3B RC=0 PEAK_KB=3374388 WALL=1:09.04 FRESH_SHA=0e054e1cd2702185700866ad6dc999d7a50260ad436444d4403de65543e4d2e5 GATES=1827697 ACIR=440131 SWAPS=none SAMPLED_PEAK_MB=4544
[2026-10-03T05:08:43Z] C3B_GATES_VS_GOLDEN gates=1827697 golden=UNANCHORED-NOP-LEG
[2026-10-03T05:08:43Z] RESTORED
FLIP_PRESET_OK
[2026-10-03T05:08:43Z] C2BA_COMPILE_START
[2026-10-03T05:12:28Z] C2BA_COMPILE_RC=0
[2026-10-03T05:12:28Z] C2BA_FRESH_SHA=7a10a8118a9348ab1e99e4c93db5871a1c55dabe6da7d507fae71fe4e17bbf67
C2BA_GATES_SUMMARY gates=2888964 acir=827414 nfns=1
[2026-10-03T05:12:30Z] C2BA RC=0 PEAK_KB=5723008 WALL=3:44.85 FRESH_SHA=7a10a8118a9348ab1e99e4c93db5871a1c55dabe6da7d507fae71fe4e17bbf67 GATES=2888964 ACIR=827414 SWAPS=none SAMPLED_PEAK_MB=6443
[2026-10-03T05:12:30Z] RESTORED
FLIP_PRESET_OK
NOP_C2BB_OK (2nd call site @ line 172 commented; C2a @102 untouched)
[2026-10-03T05:12:30Z] C2BB_COMPILE_START
[2026-10-03T05:16:10Z] C2BB_COMPILE_RC=0
[2026-10-03T05:16:10Z] C2BB_FRESH_SHA=c4ba1f1ad4da6e5a32b1492ffb7b168fc44c7d233d3ff56a45baad58473c571a
C2BB_GATES_SUMMARY gates=2335999 acir=606230 nfns=1
[2026-10-03T05:16:11Z] C2BB RC=0 PEAK_KB=5577288 WALL=3:39.34 FRESH_SHA=c4ba1f1ad4da6e5a32b1492ffb7b168fc44c7d233d3ff56a45baad58473c571a GATES=2335999 ACIR=606230 SWAPS=none SAMPLED_PEAK_MB=6312
[2026-10-03T05:16:11Z] C2BB_GATES_VS_GOLDEN gates=2335999 golden=UNANCHORED-NOP-LEG
[2026-10-03T05:16:11Z] RESTORED
[2026-10-03T05:16:11Z] PORC_AFTER=1 DEF=7f07de82407c9601dd737044af69a068238dd9ff175f51c4d64d8e00980aa207 ACT=0bf0cc642ddfa98d48f51f7d007dc6749e9c1d4b4b02c36d9e1da1d4735d0ac4 SC=df7c32c5e01dd9956030922600bf00449a4fe51d5c0d38b43d263ee62030c06e SE=a7c5b9b91b036db02ecaf3e23bb86bccebc0abb3b5b7ff7309552460fbe5e56f
[2026-10-03T05:16:11Z] TREE-DIRTY-BY-RESULTS (1 lines); flagged in log entry
[2026-10-03T05:16:11Z] LEG_END
[2026-10-03T05:16:11Z] UNIT_END rc=0
