	Command being timed: "nargo compile --force"
	User time (seconds): 112.07
	System time (seconds): 1.75
	Percent of CPU this job got: 100%
	Elapsed (wall clock) time (h:mm:ss or m:ss): 1:53.78
	Average shared text size (kbytes): 0
	Average unshared data size (kbytes): 0
	Average stack size (kbytes): 0
	Average total size (kbytes): 0
	Maximum resident set size (kbytes): 4352900
	Average resident set size (kbytes): 0
	Major (requiring I/O) page faults: 0
	Minor (reclaiming a frame) page faults: 1809048
	Voluntary context switches: 200
	Involuntary context switches: 555
	Swaps: 0
	File system inputs: 0
	File system outputs: 16864
	Socket messages sent: 0
	Socket messages received: 0
	Signals delivered: 0
	Page size (bytes): 4096
	Exit status: 0
COMPILE_RC=0
