	Command being timed: "stdbuf -oL -eL /home/dev/.local/bin/nargo compile"
	User time (seconds): 27.07
	System time (seconds): 1.23
	Percent of CPU this job got: 100%
	Elapsed (wall clock) time (h:mm:ss or m:ss): 0:28.29
	Average shared text size (kbytes): 0
	Average unshared data size (kbytes): 0
	Average stack size (kbytes): 0
	Average total size (kbytes): 0
	Maximum resident set size (kbytes): 1954792
	Average resident set size (kbytes): 0
	Major (requiring I/O) page faults: 227
	Minor (reclaiming a frame) page faults: 1455324
	Voluntary context switches: 609
	Involuntary context switches: 307
	Swaps: 0
	File system inputs: 55384
	File system outputs: 9672
	Socket messages sent: 0
	Socket messages received: 0
	Signals delivered: 0
	Page size (bytes): 4096
	Exit status: 0
