	Command being timed: "stdbuf -oL -eL /home/dev/.local/bin/nargo compile"
	User time (seconds): 77.74
	System time (seconds): 2.71
	Percent of CPU this job got: 100%
	Elapsed (wall clock) time (h:mm:ss or m:ss): 1:20.42
	Average shared text size (kbytes): 0
	Average unshared data size (kbytes): 0
	Average stack size (kbytes): 0
	Average total size (kbytes): 0
	Maximum resident set size (kbytes): 3654384
	Average resident set size (kbytes): 0
	Major (requiring I/O) page faults: 0
	Minor (reclaiming a frame) page faults: 2941011
	Voluntary context switches: 153
	Involuntary context switches: 296
	Swaps: 0
	File system inputs: 0
	File system outputs: 19120
	Socket messages sent: 0
	Socket messages received: 0
	Signals delivered: 0
	Page size (bytes): 4096
	Exit status: 0
